// Jest Snapshot v1, https://goo.gl/fbAQLP

exports[`Button should match the snapshot test 1`] = `
<button
  className="Button peopleActive"
  onClick={[Function]}
>
  people
</button>
`;
